benchmark_format=1
label=full
make_version=GNU Make 4.4.1
host_os=Darwin
host_arch=arm64
directory=<project>
runs=7
make_arguments=
collections=2
discovered_definitions=43
resolved_logical_ports=42
selected_ports=42
groups=4
categories=9
build_instances=42
selected_variants=0
lifecycle_suffixes=17
canonical_targets=714
alias_targets=714
aggregate_targets=239
diagnostic_targets=8
median_real_seconds=0.140000
median_user_seconds=0.090000
median_sys_seconds=0.040000
memory_max_rss_kb=unavailable
make_database_bytes=749008
make_database_rule_lines=1873
make_database_phony_names=1674
