benchmark_format=1
label=host-group
make_version=GNU Make 4.4.1
host_os=Darwin
host_arch=arm64
directory=<project>
runs=7
make_arguments=PORTS_LISTS=host@devel/pkg-config host@devel/cmake
collections=2
discovered_definitions=43
resolved_logical_ports=42
selected_ports=2
groups=1
categories=1
build_instances=2
selected_variants=0
lifecycle_suffixes=17
canonical_targets=34
alias_targets=34
aggregate_targets=52
diagnostic_targets=8
median_real_seconds=0.090000
median_user_seconds=0.040000
median_sys_seconds=0.040000
memory_max_rss_kb=unavailable
make_database_bytes=145760
make_database_rule_lines=246
make_database_phony_names=127
