benchmark_format=1
label=synthetic-200
make_version=GNU Make 4.4.1
host_os=Darwin
host_arch=arm64
directory=<generated-synthetic-plan>
runs=7
make_arguments=
collections=2
discovered_definitions=211
resolved_logical_ports=211
selected_ports=200
groups=4
categories=4
build_instances=220
selected_variants=0
lifecycle_suffixes=17
canonical_targets=3740
alias_targets=3400
aggregate_targets=154
diagnostic_targets=8
median_real_seconds=0.990000
median_user_seconds=0.960000
median_sys_seconds=0.020000
memory_max_rss_kb=unavailable
make_database_bytes=2892004
make_database_rule_lines=7768
make_database_phony_names=7300
